Elytra Fluid Flight - changelog
===============================

Versions are listed newest first. Each entry has an English section followed by a
Simplified Chinese section.


1.0.2+mc26.2 - 2026-09-30
-------------------------

Added
  * Optional lava swimming, controlled by `lavaSwimming` plus an optional
    `lavaSwimmingRequiresFireResistance` requirement. Both are off by default, because vanilla
    never enters the swimming state outside of water. 1.0.2 briefly shipped two independent
    switches (`lavaSwimmingWithFireResistance` / `lavaSwimmingWithoutFireResistance`), which
    could not express the real choice — being fire resistant can never make swimming harder —
    so config files that still use them are migrated when they are loaded.
  * With `lavaSwimming` on, holding sprint with your eyes in lava enters the same swimming state
    as water, and jump means "swim up" instead of opening the elytra. Lava gliding is unchanged
    by either option.
  * Settings screen for Mod Menu (client side), so every option can be changed in game. Mod
    Menu stays optional: it is only a compile-time dependency, and the entrypoint is loaded
    only when Mod Menu is actually installed. The screen edits the same config file and writes
    it when it is closed.

Fixed
  * Lava swimming could not be sustained. The client cancels a swimming sprint as soon as the
    player is not in water, so the state was dropped again in the same tick it was entered.
    The sprint gates (`canStartSprinting`, `shouldStopSwimSprinting`) now accept lava while the
    option is on, and `updateSwimming` distinguishes entering from keeping, like vanilla does
    for water.
  * Lava swimming moved with the lava physics, which halves the horizontal speed every tick and
    has no sprint bonus at all, so it felt like sinking rather than swimming. A lava swimmer is
    now moved with the water fluid physics, so sprinting and swimming up work as in water.
  * The Mod Menu screen offered two independent lava swimming switches whose combinations made
    no sense: "you may swim without Fire Resistance, but not with it". They are replaced by one
    switch plus a Fire Resistance requirement, which is the only meaningful pair.

Changed
  * Version bumped to 1.0.2+mc26.2.
  * Integration suite extended to 80 checks: entering, keeping the state at the lava surface,
    leaving the lava, ending it by releasing sprint, the Fire Resistance requirement, the
    legacy config migration, the water-physics swap, and the unchanged water behaviour.


1.0.1+mc26.2 - 2026-09-28
-------------------------

Fixed
  * Liquid drag no longer compounds. The configured value used to multiply the whole
    elytra velocity every tick, so 0.6 left only 0.6^10 = 0.6% of the speed after half
    a second and gliding in water or lava stalled almost immediately. Only a tenth of
    the configured value is now applied as damping per tick: 0.6 keeps roughly 96% of
    the speed per tick and 0.35 roughly 93.5%. Liquids still feel thicker than air,
    but the player keeps their momentum.
  * Swimming and gliding are now separate states. While the vanilla swimming state is
    active (sprinting with your eyes under water) water movement takes over, and jump
    means "swim up" instead of opening the elytra. Stop sprinting and the glide
    resumes. Before this change the liquid glide blocked swimming entirely for as long
    as an elytra was worn.
  * README.md and README.zh-CN.md now describe the real drag behaviour and the new
    swimming rule; the old text advertised behaviour the code did not have.

Changed
  * Version bumped to 1.0.1+mc26.2.
  * Integration suite extended from 47 to 52 checks: per-tick retention values, a
    regression check that liquid drag cannot compound into a stop, and checks that
    swimming blocks the glide launch but non-swimming players can still launch.
  * License changed to a dual license: the mod is now offered under the Unlicense
    or, alternatively, under the MIT license. Both texts ship with the project
    (LICENSE and LICENSE-MIT).


1.0.0+mc26.2 - 2026-09-28
-------------------------

Added
  * First public release, built for Minecraft Java 26.2, Fabric Loader 0.19.5 and
    Java 25.
  * Elytra gliding continues in water and in lava instead of ending on contact.
  * Launching the elytra while submerged: float clear of the bottom, then press jump.
  * Firework boosts work in liquids, with vanilla consumption and boost duration.
  * Configurable water and lava drag, plus an optional Fire Resistance requirement
    for lava gliding.
  * Vanilla behaviour kept: elytra durability, landing, levitation and ladder
    restrictions, drowning, lava burn and explosion damage.
  * A mod icon taken from an in-game underwater glide, shown in Mod Menu and Fabric
    mod lists.

License
  * Released into the public domain under the Unlicense.


1.0.2+mc26.2 - 2026-09-30（简体中文）
------------------------------------

新增
  * 可选的岩浆游泳，由 `lavaSwimming` 加一个可选的 `lavaSwimmingRequiresFireResistance` 限定条件
    控制，默认都关闭——原版在非水液体里不会进入游泳状态。1.0.2 曾短暂提供两个互相独立的开关
    （`lavaSwimmingWithFireResistance` / `lavaSwimmingWithoutFireResistance`），它们无法表达真正
    的取舍（有耐火只会更安全，绝不会让游泳更难），因此仍在使用旧键的配置文件会在加载时自动迁移。
  * 开启 `lavaSwimming` 后，在岩浆中按住冲刺、眼睛浸在岩浆里，就会像在水里一样进入游泳状态，
    跳跃只作上浮、不再展开鞘翅。两个选项都不影响岩浆中的滑翔。
  * 新增 Mod Menu 游戏内设置界面（客户端），所有选项都能在游戏里改。Mod Menu 仍是可选项：只在
    编译期依赖，入口只有在确实安装了 Mod Menu 时才会加载。界面编辑的是同一份配置文件，关闭时
    写回。

修复
  * 岩浆游泳状态无法维持。客户端在玩家不处于水中时会立刻取消游泳疾跑，于是状态在进入的同一
    游戏刻就被撤销。疾跑判定（`canStartSprinting`、`shouldStopSwimSprinting`）现在在选项开启时
    也接受岩浆，`updateSwimming` 也像原版对水那样区分「进入」与「维持」。
  * 岩浆游泳原先是按岩浆物理移动的，而岩浆物理每个游戏刻把水平速度减半、且完全没有疾跑加成，
    游起来像在下沉而不是游泳。现在岩浆游泳者改用水的流体物理，疾跑与上浮都和水里一致。
  * Mod Menu 界面上的两个岩浆游泳开关存在逻辑错误：它们的组合会出现「没抗火能游、有抗火反而
    不能游」这种说不通的状态。现在改成一个总开关加一个「是否需要抗火」的限定条件。

变更
  * 版本号升到 1.0.2+mc26.2。
  * 集成测试扩展到 80 项：进入、在岩浆液面维持、离开岩浆、松开冲刺结束、耐火限定条件、旧配置
    迁移、水物理替换，以及水中行为不变。


1.0.1+mc26.2 - 2026-09-28（简体中文）
------------------------------------

修复
  * 液体阻力不再复利。旧实现每个游戏刻都把整个鞘翅速度乘以配置值，0.6 在半秒后
    只剩 0.6^10 = 0.6%，水里和岩浆里的滑翔几乎立刻停住。现在每刻只按配置值的一成
    施加阻尼：0.6 相当于每刻保留约 96% 速度，0.35 约 93.5%。液体依然比空气更
    「厚」，但玩家的惯性得以保留。
  * 游泳与滑翔现在是两个互相隔离的状态。只要进入原版游泳状态（在水下按住冲刺），
    移动就交回水的物理，跳跃只做上浮、不再展开鞘翅；松开冲刺后继续滑翔。改动之前，
    只要穿着鞘翅，液体滑翔就会完全挡住游泳。
  * README.md 与 README.zh-CN.md 改为描述真实的阻力行为与新的游泳规则，旧文案宣传的
    是与代码不符的行为。

变更
  * 版本号升到 1.0.1+mc26.2。
  * 集成测试从 47 项扩展到 52 项：加入每刻保留比例、液体阻力不可复利归零的回归检查，
    以及「游泳阻止起飞、未游泳可正常起飞」的检查。
  * 许可证改为双许可：本模组现在以 Unlicense 或 MIT 授权释出，二选一。两份正文都随
    专案提供（LICENSE 与 LICENSE-MIT）。


1.0.0+mc26.2 - 2026-09-28（简体中文）
------------------------------------

新增
  * 首个公开版本，面向 Minecraft Java 26.2、Fabric Loader 0.19.5、Java 25。
  * 在水和岩浆中继续用鞘翅滑翔，而不是一接触就收翼。
  * 液体中也能起飞：先浮离底部方块，再按跳跃键。
  * 烟花推进在液体中同样有效，保留原版的消耗与飞行时间。
  * 水中与岩浆中的阻力可配置，并可要求岩浆滑翔必须具备耐火效果。
  * 保留原版行为：鞘翅耐久、落地收翼、漂浮与梯子限制、溺水、岩浆灼伤与爆炸伤害。
  * 模组图标取自游戏内水下滑翔的截图，会显示在 Mod Menu 与 Fabric 模组列表里。

许可
  * 以 Unlicense 释出，进入公有领域。
